// Jest Snapshot v1, https://goo.gl/fbAQLP

exports[`Snapshot - render TradeForm renders correctly with default props 1`] = `
.emotion-0 {
  background-color: #fff;
  color: rgba(0, 0, 0, 0.87);
  -webkit-transition: box-shadow 300ms cubic-bezier(0.4, 0, 0.2, 1) 0ms;
  transition: box-shadow 300ms cubic-bezier(0.4, 0, 0.2, 1) 0ms;
  border-radius: 4px;
  box-shadow: 0px 2px 1px -1px rgba(0,0,0,0.2),0px 1px 1px 0px rgba(0,0,0,0.14),0px 1px 3px 0px rgba(0,0,0,0.12);
  overflow: hidden;
  margin-bottom: 1.5rem;
  padding: 1rem;
  padding-bottom: 0.5rem;
}

.emotion-1 {
  padding: 16px;
}

.emotion-1:last-child {
  padding-bottom: 24px;
}

<div
  className="MuiPaper-root MuiPaper-elevation MuiPaper-rounded MuiPaper-elevation1 MuiCard-root emotion-0"
>
  <div
    className="MuiCardContent-root emotion-1"
  />
</div>
`;
