// Jest Snapshot v1, https://goo.gl/fbAQLP

exports[`Snapshot - render TradeForm renders correctly with default props 1`] = `
.emotion-0 {
  box-sizing: border-box;
  display: -webkit-box;
  display: -webkit-flex;
  display: -ms-flexbox;
  display: flex;
  -webkit-box-flex-wrap: wrap;
  -webkit-flex-wrap: wrap;
  -ms-flex-wrap: wrap;
  flex-wrap: wrap;
  width: 100%;
  -webkit-flex-direction: row;
  -ms-flex-direction: row;
  flex-direction: row;
  width: calc(100% + 16px);
  margin-top: -16px;
  width: calc(100% + 16px);
  margin-left: -16px;
  -webkit-flex-direction: column;
  -ms-flex-direction: column;
  flex-direction: column;
}

.emotion-0>.MuiGrid-item {
  padding-top: 16px;
}

.emotion-0>.MuiGrid-item {
  padding-left: 16px;
}

.emotion-1 {
  box-sizing: border-box;
  display: -webkit-box;
  display: -webkit-flex;
  display: -ms-flexbox;
  display: flex;
  -webkit-box-flex-wrap: wrap;
  -webkit-flex-wrap: wrap;
  -ms-flex-wrap: wrap;
  flex-wrap: wrap;
  width: 100%;
  margin: 0;
  -webkit-flex-direction: row;
  -ms-flex-direction: row;
  flex-direction: row;
  -webkit-align-items: center;
  -webkit-box-align: center;
  -ms-flex-align: center;
  align-items: center;
}

.emotion-2 {
  display: -webkit-inline-box;
  display: -webkit-inline-flex;
  display: -ms-inline-flexbox;
  display: inline-flex;
  -webkit-align-items: center;
  -webkit-box-align: center;
  -ms-flex-align: center;
  align-items: center;
  -webkit-box-pack: center;
  -ms-flex-pack: center;
  -webkit-justify-content: center;
  justify-content: center;
  position: relative;
  box-sizing: border-box;
  -webkit-tap-highlight-color: transparent;
  background-color: transparent;
  outline: 0;
  border: 0;
  margin: 0;
  border-radius: 0;
  padding: 0;
  cursor: pointer;
  -webkit-user-select: none;
  -moz-user-select: none;
  -ms-user-select: none;
  user-select: none;
  vertical-align: middle;
  -moz-appearance: none;
  -webkit-appearance: none;
  -webkit-text-decoration: none;
  text-decoration: none;
  color: inherit;
  text-align: center;
  -webkit-flex: 0 0 auto;
  -ms-flex: 0 0 auto;
  flex: 0 0 auto;
  font-size: 1.5rem;
  padding: 8px;
  border-radius: 50%;
  overflow: visible;
  color: rgba(0, 0, 0, 0.54);
  -webkit-transition: background-color 150ms cubic-bezier(0.4, 0, 0.2, 1) 0ms;
  transition: background-color 150ms cubic-bezier(0.4, 0, 0.2, 1) 0ms;
  padding: 0px;
  margin-right: 8px;
}

.emotion-2::-moz-focus-inner {
  border-style: none;
}

.emotion-2.Mui-disabled {
  pointer-events: none;
  cursor: default;
}

@media print {
  .emotion-2 {
    -webkit-print-color-adjust: exact;
    color-adjust: exact;
  }
}

.emotion-2:hover {
  background-color: rgba(0, 0, 0, 0.04);
}

@media (hover: none) {
  .emotion-2:hover {
    background-color: transparent;
  }
}

.emotion-2.Mui-disabled {
  background-color: transparent;
  color: rgba(0, 0, 0, 0.26);
}

.emotion-3 {
  margin: 0;
  font-family: "Roboto","Helvetica","Arial",sans-serif;
  font-weight: 500;
  font-size: 1.25rem;
  line-height: 1.6;
  letter-spacing: 0.0075em;
}

.emotion-3.truncate {
  overflow: hidden;
  display: -webkit-box;
  -webkit-box-orient: vertical;
  -webkit-line-clamp: 3;
}

.emotion-4 {
  box-sizing: border-box;
  margin: 0;
  -webkit-flex-direction: row;
  -ms-flex-direction: row;
  flex-direction: row;
}

.emotion-5 {
  box-sizing: border-box;
  display: -webkit-box;
  display: -webkit-flex;
  display: -ms-flexbox;
  display: flex;
  -webkit-box-flex-wrap: wrap;
  -webkit-flex-wrap: wrap;
  -ms-flex-wrap: wrap;
  flex-wrap: wrap;
  width: 100%;
  -webkit-flex-direction: column;
  -ms-flex-direction: column;
  flex-direction: column;
  width: calc(100% + 24px);
  margin-top: -24px;
  width: calc(100% + 24px);
  margin-left: -24px;
  -webkit-align-content: flex-start;
  -ms-flex-line-pack: flex-start;
  align-content: flex-start;
  -webkit-box-pack: center;
  -ms-flex-pack: center;
  -webkit-justify-content: center;
  justify-content: center;
}

.emotion-5>.MuiGrid-item {
  max-width: none;
}

.emotion-5>.MuiGrid-item {
  padding-top: 24px;
}

.emotion-5>.MuiGrid-item {
  padding-left: 24px;
}

.emotion-6 {
  box-sizing: border-box;
  margin: 0;
  -webkit-flex-direction: row;
  -ms-flex-direction: row;
  flex-direction: row;
  width: 100%;
}

.emotion-7 {
  display: -webkit-inline-box;
  display: -webkit-inline-flex;
  display: -ms-inline-flexbox;
  display: inline-flex;
  -webkit-flex-direction: column;
  -ms-flex-direction: column;
  flex-direction: column;
  position: relative;
  min-width: 0;
  padding: 0;
  margin: 0;
  border: 0;
  vertical-align: top;
}

.emotion-8 {
  box-sizing: border-box;
  display: -webkit-box;
  display: -webkit-flex;
  display: -ms-flexbox;
  display: flex;
  -webkit-box-flex-wrap: wrap;
  -webkit-flex-wrap: wrap;
  -ms-flex-wrap: wrap;
  flex-wrap: wrap;
  width: 100%;
  -webkit-flex-direction: row;
  -ms-flex-direction: row;
  flex-direction: row;
  -webkit-align-items: center;
  -webkit-box-align: center;
  -ms-flex-align: center;
  align-items: center;
}

.emotion-9 {
  box-sizing: border-box;
  margin: 0;
  -webkit-flex-direction: row;
  -ms-flex-direction: row;
  flex-direction: row;
  -webkit-flex-basis: 83.333333%;
  -ms-flex-preferred-size: 83.333333%;
  flex-basis: 83.333333%;
  -webkit-box-flex: 0;
  -webkit-flex-grow: 0;
  -ms-flex-positive: 0;
  flex-grow: 0;
  max-width: 83.333333%;
}

.emotion-10 {
  color: rgba(0, 0, 0, 0.6);
  font-family: "Roboto","Helvetica","Arial",sans-serif;
  font-weight: 400;
  font-size: 1rem;
  line-height: 1.4375em;
  letter-spacing: 0.00938em;
  padding: 0;
  position: relative;
  display: block;
  transform-origin: top left;
  white-space: nowrap;
  overflow: hidden;
  text-overflow: ellipsis;
  max-width: 133%;
  position: absolute;
  left: 0;
  top: 0;
  -webkit-transform: translate(0, -1.5px) scale(0.75);
  -moz-transform: translate(0, -1.5px) scale(0.75);
  -ms-transform: translate(0, -1.5px) scale(0.75);
  transform: translate(0, -1.5px) scale(0.75);
  -webkit-transition: color 200ms cubic-bezier(0.0, 0, 0.2, 1) 0ms,-webkit-transform 200ms cubic-bezier(0.0, 0, 0.2, 1) 0ms,max-width 200ms cubic-bezier(0.0, 0, 0.2, 1) 0ms;
  transition: color 200ms cubic-bezier(0.0, 0, 0.2, 1) 0ms,transform 200ms cubic-bezier(0.0, 0, 0.2, 1) 0ms,max-width 200ms cubic-bezier(0.0, 0, 0.2, 1) 0ms;
}

.emotion-10.Mui-focused {
  color: #1976d2;
}

.emotion-10.Mui-disabled {
  color: rgba(0, 0, 0, 0.38);
}

.emotion-10.Mui-error {
  color: #d32f2f;
}

.emotion-11 {
  margin: 0;
  font-family: "Roboto","Helvetica","Arial",sans-serif;
  font-weight: 400;
  font-size: 1rem;
  line-height: 1.75;
  letter-spacing: 0.00938em;
}

.emotion-11.truncate {
  overflow: hidden;
  display: -webkit-box;
  -webkit-box-orient: vertical;
  -webkit-line-clamp: 3;
}

.emotion-12.Mui-error {
  color: #d32f2f;
}

.emotion-13 {
  box-sizing: border-box;
  margin: 0;
  -webkit-flex-direction: row;
  -ms-flex-direction: row;
  flex-direction: row;
  -webkit-flex-basis: 16.666667%;
  -ms-flex-preferred-size: 16.666667%;
  flex-basis: 16.666667%;
  -webkit-box-flex: 0;
  -webkit-flex-grow: 0;
  -ms-flex-positive: 0;
  flex-grow: 0;
  max-width: 16.666667%;
}

.emotion-14 {
  box-sizing: border-box;
  display: -webkit-box;
  display: -webkit-flex;
  display: -ms-flexbox;
  display: flex;
  -webkit-box-flex-wrap: wrap;
  -webkit-flex-wrap: wrap;
  -ms-flex-wrap: wrap;
  flex-wrap: wrap;
  width: 100%;
  -webkit-flex-direction: row-reverse;
  -ms-flex-direction: row-reverse;
  flex-direction: row-reverse;
}

.emotion-15 {
  display: -webkit-inline-box;
  display: -webkit-inline-flex;
  display: -ms-inline-flexbox;
  display: inline-flex;
  -webkit-align-items: center;
  -webkit-box-align: center;
  -ms-flex-align: center;
  align-items: center;
  -webkit-box-pack: center;
  -ms-flex-pack: center;
  -webkit-justify-content: center;
  justify-content: center;
  position: relative;
  box-sizing: border-box;
  -webkit-tap-highlight-color: transparent;
  background-color: transparent;
  outline: 0;
  border: 0;
  margin: 0;
  border-radius: 0;
  padding: 0;
  cursor: pointer;
  -webkit-user-select: none;
  -moz-user-select: none;
  -ms-user-select: none;
  user-select: none;
  vertical-align: middle;
  -moz-appearance: none;
  -webkit-appearance: none;
  -webkit-text-decoration: none;
  text-decoration: none;
  color: inherit;
  font-family: "Roboto","Helvetica","Arial",sans-serif;
  font-size: 0.8125rem;
  display: -webkit-inline-box;
  display: -webkit-inline-flex;
  display: -ms-inline-flexbox;
  display: inline-flex;
  -webkit-align-items: center;
  -webkit-box-align: center;
  -ms-flex-align: center;
  align-items: center;
  -webkit-box-pack: center;
  -ms-flex-pack: center;
  -webkit-justify-content: center;
  justify-content: center;
  height: 32px;
  color: #fff;
  background-color: #9c27b0;
  border-radius: 16px;
  white-space: nowrap;
  -webkit-transition: background-color 300ms cubic-bezier(0.4, 0, 0.2, 1) 0ms,box-shadow 300ms cubic-bezier(0.4, 0, 0.2, 1) 0ms;
  transition: background-color 300ms cubic-bezier(0.4, 0, 0.2, 1) 0ms,box-shadow 300ms cubic-bezier(0.4, 0, 0.2, 1) 0ms;
  cursor: default;
  outline: 0;
  -webkit-text-decoration: none;
  text-decoration: none;
  border: 0;
  padding: 0;
  vertical-align: middle;
  box-sizing: border-box;
  -webkit-user-select: none;
  -moz-user-select: none;
  -ms-user-select: none;
  user-select: none;
  -webkit-tap-highlight-color: transparent;
  cursor: pointer;
}

.emotion-15::-moz-focus-inner {
  border-style: none;
}

.emotion-15.Mui-disabled {
  pointer-events: none;
  cursor: default;
}

@media print {
  .emotion-15 {
    -webkit-print-color-adjust: exact;
    color-adjust: exact;
  }
}

.emotion-15.Mui-disabled {
  opacity: 0.38;
  pointer-events: none;
}

.emotion-15 .MuiChip-avatar {
  margin-left: 5px;
  margin-right: -6px;
  width: 24px;
  height: 24px;
  color: #616161;
  font-size: 0.75rem;
}

.emotion-15 .MuiChip-avatarColorPrimary {
  color: #fff;
  background-color: #1565c0;
}

.emotion-15 .MuiChip-avatarColorSecondary {
  color: #fff;
  background-color: #7b1fa2;
}

.emotion-15 .MuiChip-avatarSmall {
  margin-left: 4px;
  margin-right: -4px;
  width: 18px;
  height: 18px;
  font-size: 0.625rem;
}

.emotion-15 .MuiChip-icon {
  color: inherit;
  margin-left: 5px;
  margin-right: -6px;
}

.emotion-15 .MuiChip-deleteIcon {
  -webkit-tap-highlight-color: transparent;
  color: rgba(255, 255, 255, 0.7);
  font-size: 22px;
  cursor: pointer;
  margin: 0 5px 0 -6px;
}

.emotion-15 .MuiChip-deleteIcon:hover {
  color: rgba(0, 0, 0, 0.4);
}

.emotion-15 .MuiChip-deleteIcon:hover,
.emotion-15 .MuiChip-deleteIcon:active {
  color: #fff;
}

.emotion-15:hover {
  background-color: rgba(0, 0, 0, 0.12);
}

.emotion-15.Mui-focusVisible {
  background-color: rgba(0, 0, 0, 0.2);
}

.emotion-15:active {
  box-shadow: 0px 2px 1px -1px rgba(0,0,0,0.2),0px 1px 1px 0px rgba(0,0,0,0.14),0px 1px 3px 0px rgba(0,0,0,0.12);
}

.emotion-15:hover,
.emotion-15.Mui-focusVisible {
  background-color: #7b1fa2;
}

.emotion-15.xs {
  font-size: 12px;
  height: 20px;
}

.emotion-15.sm {
  font-size: 12px;
  height: 24px;
}

.emotion-15.md {
  font-size: 16px;
  height: 26.666666666666668px;
  padding: 0 12px;
}

.emotion-15.lg {
  font-size: 20px;
  height: 32px;
  padding: 0 16px;
}

.emotion-16 {
  overflow: hidden;
  text-overflow: ellipsis;
  padding-left: 12px;
  padding-right: 12px;
  white-space: nowrap;
}

.emotion-17 {
  display: -webkit-inline-box;
  display: -webkit-inline-flex;
  display: -ms-inline-flexbox;
  display: inline-flex;
  border-radius: 4px;
  width: 100%;
}

.emotion-17 .MuiToggleButtonGroup-grouped:not(:first-of-type) {
  margin-left: -1px;
  border-left: 1px solid transparent;
  border-top-left-radius: 0;
  border-bottom-left-radius: 0;
}

.emotion-17 .MuiToggleButtonGroup-grouped:not(:last-of-type) {
  border-top-right-radius: 0;
  border-bottom-right-radius: 0;
}

.emotion-17 .MuiToggleButtonGroup-grouped.Mui-selected+.MuiToggleButtonGroup-grouped.Mui-selected {
  border-left: 0;
  margin-left: 0;
}

.emotion-18 {
  display: -webkit-inline-box;
  display: -webkit-inline-flex;
  display: -ms-inline-flexbox;
  display: inline-flex;
  -webkit-align-items: center;
  -webkit-box-align: center;
  -ms-flex-align: center;
  align-items: center;
  -webkit-box-pack: center;
  -ms-flex-pack: center;
  -webkit-justify-content: center;
  justify-content: center;
  position: relative;
  box-sizing: border-box;
  -webkit-tap-highlight-color: transparent;
  background-color: transparent;
  outline: 0;
  border: 0;
  margin: 0;
  border-radius: 0;
  padding: 0;
  cursor: pointer;
  -webkit-user-select: none;
  -moz-user-select: none;
  -ms-user-select: none;
  user-select: none;
  vertical-align: middle;
  -moz-appearance: none;
  -webkit-appearance: none;
  -webkit-text-decoration: none;
  text-decoration: none;
  color: inherit;
  font-family: "Roboto","Helvetica","Arial",sans-serif;
  font-weight: 500;
  font-size: 0.875rem;
  line-height: 1.75;
  letter-spacing: 0.02857em;
  text-transform: uppercase;
  border-radius: 4px;
  padding: 11px;
  border: 1px solid rgba(0, 0, 0, 0.12);
  color: rgba(0, 0, 0, 0.54);
  width: 100%;
}

.emotion-18::-moz-focus-inner {
  border-style: none;
}

.emotion-18.Mui-disabled {
  pointer-events: none;
  cursor: default;
}

@media print {
  .emotion-18 {
    -webkit-print-color-adjust: exact;
    color-adjust: exact;
  }
}

.emotion-18.Mui-disabled {
  color: rgba(0, 0, 0, 0.26);
  border: 1px solid rgba(0, 0, 0, 0.12);
}

.emotion-18:hover {
  -webkit-text-decoration: none;
  text-decoration: none;
  background-color: rgba(0, 0, 0, 0.04);
}

@media (hover: none) {
  .emotion-18:hover {
    background-color: transparent;
  }
}

.emotion-18.Mui-selected {
  color: #2e7d32;
  background-color: rgba(46, 125, 50, 0.08);
}

.emotion-18.Mui-selected:hover {
  background-color: rgba(46, 125, 50, 0.12);
}

@media (hover: none) {
  .emotion-18.Mui-selected:hover {
    background-color: rgba(46, 125, 50, 0.08);
  }
}

.emotion-18.Mui-selected {
  color: #2e7d32;
  background-color: #1b5e20!important;
}

.emotion-18.Mui-selected.MuiToggleButtonGroup-grouped:first-of-type {
  border-left-color: #2e7d32;
}

.emotion-18.Mui-selected.MuiToggleButtonGroup-grouped:last-of-type {
  border-right-color: #2e7d32;
}

.emotion-23 {
  box-sizing: border-box;
  margin: 0;
  -webkit-flex-direction: row;
  -ms-flex-direction: row;
  flex-direction: row;
  -webkit-flex-basis: 91.666667%;
  -ms-flex-preferred-size: 91.666667%;
  flex-basis: 91.666667%;
  -webkit-box-flex: 0;
  -webkit-flex-grow: 0;
  -ms-flex-positive: 0;
  flex-grow: 0;
  max-width: 91.666667%;
}

.emotion-27 {
  display: -webkit-inline-box;
  display: -webkit-inline-flex;
  display: -ms-inline-flexbox;
  display: inline-flex;
  -webkit-flex-direction: column;
  -ms-flex-direction: column;
  flex-direction: column;
  position: relative;
  min-width: 0;
  padding: 0;
  margin: 0;
  border: 0;
  vertical-align: top;
  width: 100%;
}

.emotion-28 {
  font-family: "Roboto","Helvetica","Arial",sans-serif;
  font-weight: 400;
  font-size: 1rem;
  line-height: 1.4375em;
  letter-spacing: 0.00938em;
  color: rgba(0, 0, 0, 0.87);
  box-sizing: border-box;
  position: relative;
  cursor: text;
  display: -webkit-inline-box;
  display: -webkit-inline-flex;
  display: -ms-inline-flexbox;
  display: inline-flex;
  -webkit-align-items: center;
  -webkit-box-align: center;
  -ms-flex-align: center;
  align-items: center;
  width: 100%;
  position: relative;
}

.emotion-28.Mui-disabled {
  color: rgba(0, 0, 0, 0.38);
  cursor: default;
}

label+.emotion-28 {
  margin-top: 16px;
}

.emotion-28:after {
  border-bottom: 2px solid #1976d2;
  left: 0;
  bottom: 0;
  content: "";
  position: absolute;
  right: 0;
  -webkit-transform: scaleX(0);
  -moz-transform: scaleX(0);
  -ms-transform: scaleX(0);
  transform: scaleX(0);
  -webkit-transition: -webkit-transform 200ms cubic-bezier(0.0, 0, 0.2, 1) 0ms;
  transition: transform 200ms cubic-bezier(0.0, 0, 0.2, 1) 0ms;
  pointer-events: none;
}

.emotion-28.Mui-focused:after {
  -webkit-transform: scaleX(1);
  -moz-transform: scaleX(1);
  -ms-transform: scaleX(1);
  transform: scaleX(1);
}

.emotion-28.Mui-error:after {
  border-bottom-color: #d32f2f;
  -webkit-transform: scaleX(1);
  -moz-transform: scaleX(1);
  -ms-transform: scaleX(1);
  transform: scaleX(1);
}

.emotion-28:before {
  border-bottom: 1px solid rgba(0, 0, 0, 0.42);
  left: 0;
  bottom: 0;
  content: "\\00a0";
  position: absolute;
  right: 0;
  -webkit-transition: border-bottom-color 200ms cubic-bezier(0.4, 0, 0.2, 1) 0ms;
  transition: border-bottom-color 200ms cubic-bezier(0.4, 0, 0.2, 1) 0ms;
  pointer-events: none;
}

.emotion-28:hover:not(.Mui-disabled):before {
  border-bottom: 2px solid rgba(0, 0, 0, 0.87);
}

@media (hover: none) {
  .emotion-28:hover:not(.Mui-disabled):before {
    border-bottom: 1px solid rgba(0, 0, 0, 0.42);
  }
}

.emotion-28.Mui-disabled:before {
  border-bottom-style: dotted;
}

.emotion-29 {
  font: inherit;
  letter-spacing: inherit;
  color: currentColor;
  padding: 4px 0 5px;
  border: 0;
  box-sizing: content-box;
  background: none;
  height: 1.4375em;
  margin: 0;
  -webkit-tap-highlight-color: transparent;
  display: block;
  min-width: 0;
  width: 100%;
  -webkit-animation-name: mui-auto-fill-cancel;
  animation-name: mui-auto-fill-cancel;
  -webkit-animation-duration: 10ms;
  animation-duration: 10ms;
}

.emotion-29::-webkit-input-placeholder {
  color: currentColor;
  opacity: 0.42;
  -webkit-transition: opacity 200ms cubic-bezier(0.4, 0, 0.2, 1) 0ms;
  transition: opacity 200ms cubic-bezier(0.4, 0, 0.2, 1) 0ms;
}

.emotion-29::-moz-placeholder {
  color: currentColor;
  opacity: 0.42;
  -webkit-transition: opacity 200ms cubic-bezier(0.4, 0, 0.2, 1) 0ms;
  transition: opacity 200ms cubic-bezier(0.4, 0, 0.2, 1) 0ms;
}

.emotion-29:-ms-input-placeholder {
  color: currentColor;
  opacity: 0.42;
  -webkit-transition: opacity 200ms cubic-bezier(0.4, 0, 0.2, 1) 0ms;
  transition: opacity 200ms cubic-bezier(0.4, 0, 0.2, 1) 0ms;
}

.emotion-29::-ms-input-placeholder {
  color: currentColor;
  opacity: 0.42;
  -webkit-transition: opacity 200ms cubic-bezier(0.4, 0, 0.2, 1) 0ms;
  transition: opacity 200ms cubic-bezier(0.4, 0, 0.2, 1) 0ms;
}

.emotion-29:focus {
  outline: 0;
}

.emotion-29:invalid {
  box-shadow: none;
}

.emotion-29::-webkit-search-decoration {
  -webkit-appearance: none;
}

label[data-shrink=false]+.MuiInputBase-formControl .emotion-29::-webkit-input-placeholder {
  opacity: 0!important;
}

label[data-shrink=false]+.MuiInputBase-formControl .emotion-29::-moz-placeholder {
  opacity: 0!important;
}

label[data-shrink=false]+.MuiInputBase-formControl .emotion-29:-ms-input-placeholder {
  opacity: 0!important;
}

label[data-shrink=false]+.MuiInputBase-formControl .emotion-29::-ms-input-placeholder {
  opacity: 0!important;
}

label[data-shrink=false]+.MuiInputBase-formControl .emotion-29:focus::-webkit-input-placeholder {
  opacity: 0.42;
}

label[data-shrink=false]+.MuiInputBase-formControl .emotion-29:focus::-moz-placeholder {
  opacity: 0.42;
}

label[data-shrink=false]+.MuiInputBase-formControl .emotion-29:focus:-ms-input-placeholder {
  opacity: 0.42;
}

label[data-shrink=false]+.MuiInputBase-formControl .emotion-29:focus::-ms-input-placeholder {
  opacity: 0.42;
}

.emotion-29.Mui-disabled {
  opacity: 1;
  -webkit-text-fill-color: rgba(0, 0, 0, 0.38);
}

.emotion-29:-webkit-autofill {
  -webkit-animation-duration: 5000s;
  animation-duration: 5000s;
  -webkit-animation-name: mui-auto-fill;
  animation-name: mui-auto-fill;
}

.emotion-30 {
  margin: 0;
  font-family: "Roboto","Helvetica","Arial",sans-serif;
  font-weight: 400;
  font-size: 1rem;
  line-height: 1.5;
  letter-spacing: 0.00938em;
  color: rgba(0, 0, 0, 0.6);
}

.emotion-30.truncate {
  overflow: hidden;
  display: -webkit-box;
  -webkit-box-orient: vertical;
  -webkit-line-clamp: 3;
}

.emotion-33 {
  display: -webkit-inline-box;
  display: -webkit-inline-flex;
  display: -ms-inline-flexbox;
  display: inline-flex;
  -webkit-align-items: center;
  -webkit-box-align: center;
  -ms-flex-align: center;
  align-items: center;
  -webkit-box-pack: center;
  -ms-flex-pack: center;
  -webkit-justify-content: center;
  justify-content: center;
  position: relative;
  box-sizing: border-box;
  -webkit-tap-highlight-color: transparent;
  background-color: transparent;
  outline: 0;
  border: 0;
  margin: 0;
  border-radius: 0;
  padding: 0;
  cursor: pointer;
  -webkit-user-select: none;
  -moz-user-select: none;
  -ms-user-select: none;
  user-select: none;
  vertical-align: middle;
  -moz-appearance: none;
  -webkit-appearance: none;
  -webkit-text-decoration: none;
  text-decoration: none;
  color: inherit;
  font-family: "Roboto","Helvetica","Arial",sans-serif;
  font-weight: 500;
  font-size: 0.8125rem;
  line-height: 1.75;
  letter-spacing: 0.02857em;
  text-transform: uppercase;
  min-width: 64px;
  padding: 4px 10px;
  border-radius: 4px;
  -webkit-transition: background-color 250ms cubic-bezier(0.4, 0, 0.2, 1) 0ms,box-shadow 250ms cubic-bezier(0.4, 0, 0.2, 1) 0ms,border-color 250ms cubic-bezier(0.4, 0, 0.2, 1) 0ms,color 250ms cubic-bezier(0.4, 0, 0.2, 1) 0ms;
  transition: background-color 250ms cubic-bezier(0.4, 0, 0.2, 1) 0ms,box-shadow 250ms cubic-bezier(0.4, 0, 0.2, 1) 0ms,border-color 250ms cubic-bezier(0.4, 0, 0.2, 1) 0ms,color 250ms cubic-bezier(0.4, 0, 0.2, 1) 0ms;
  color: #fff;
  background-color: #1976d2;
  box-shadow: 0px 3px 1px -2px rgba(0,0,0,0.2),0px 2px 2px 0px rgba(0,0,0,0.14),0px 1px 5px 0px rgba(0,0,0,0.12);
  width: 100%;
  border-radius: 0.2em;
  padding: 0.2em 1.2em;
  border: solid 2px transparent;
  box-shadow: none;
}

.emotion-33::-moz-focus-inner {
  border-style: none;
}

.emotion-33.Mui-disabled {
  pointer-events: none;
  cursor: default;
}

@media print {
  .emotion-33 {
    -webkit-print-color-adjust: exact;
    color-adjust: exact;
  }
}

.emotion-33:hover {
  -webkit-text-decoration: none;
  text-decoration: none;
  background-color: #1565c0;
  box-shadow: 0px 2px 4px -1px rgba(0,0,0,0.2),0px 4px 5px 0px rgba(0,0,0,0.14),0px 1px 10px 0px rgba(0,0,0,0.12);
}

@media (hover: none) {
  .emotion-33:hover {
    background-color: #1976d2;
  }
}

.emotion-33:active {
  box-shadow: 0px 5px 5px -3px rgba(0,0,0,0.2),0px 8px 10px 1px rgba(0,0,0,0.14),0px 3px 14px 2px rgba(0,0,0,0.12);
}

.emotion-33.Mui-focusVisible {
  box-shadow: 0px 3px 5px -1px rgba(0,0,0,0.2),0px 6px 10px 0px rgba(0,0,0,0.14),0px 1px 18px 0px rgba(0,0,0,0.12);
}

.emotion-33.Mui-disabled {
  color: rgba(0, 0, 0, 0.26);
  box-shadow: none;
  background-color: rgba(0, 0, 0, 0.12);
}

.emotion-33:hover {
  border-width: 2px!important;
  box-shadow: 0px 2px 2px -1px rgba(0, 0, 0, 0.15),0px 2px 2px 0px rgba(0, 0, 0, 0.1),0px 2px 5px 0px rgba(0, 0, 0, 0.08);
}

.emotion-33:disabled {
  border-color: transparent;
}

.emotion-34 {
  margin: 0;
  font-family: "Roboto","Helvetica","Arial",sans-serif;
  font-weight: 400;
  font-size: 3rem;
  line-height: 1.167;
  letter-spacing: 0em;
}

.emotion-34.truncate {
  overflow: hidden;
  display: -webkit-box;
  -webkit-box-orient: vertical;
  -webkit-line-clamp: 3;
}

<div
  className="MuiGrid-root MuiGrid-container MuiGrid-spacing-xs-2 emotion-0"
>
  <div
    className="MuiGrid-root MuiGrid-container MuiGrid-item MuiGrid-spacing-xs-undefined emotion-1"
  >
    <button
      aria-label="back"
      className="MuiButtonBase-root MuiIconButton-root MuiIconButton-sizeMedium emotion-2"
      disabled={false}
      onBlur={[Function]}
      onContextMenu={[Function]}
      onDragLeave={[Function]}
      onFocus={[Function]}
      onKeyDown={[Function]}
      onKeyUp={[Function]}
      onMouseDown={[Function]}
      onMouseLeave={[Function]}
      onMouseUp={[Function]}
      onTouchEnd={[Function]}
      onTouchMove={[Function]}
      onTouchStart={[Function]}
      tabIndex={0}
      type="button"
    >
      <svg
        fill="currentColor"
        height="1em"
        stroke="currentColor"
        strokeWidth="0"
        style={
          Object {
            "color": undefined,
          }
        }
        viewBox="0 0 16 16"
        width="1em"
        xmlns="http://www.w3.org/2000/svg"
      >
        <path
          clipRule="evenodd"
          d="M5.854 4.646a.5.5 0 010 .708L3.207 8l2.647 2.646a.5.5 0 01-.708.708l-3-3a.5.5 0 010-.708l3-3a.5.5 0 01.708 0z"
          fillRule="evenodd"
        />
        <path
          clipRule="evenodd"
          d="M2.5 8a.5.5 0 01.5-.5h10.5a.5.5 0 010 1H3a.5.5 0 01-.5-.5z"
          fillRule="evenodd"
        />
      </svg>
    </button>
    <h5
      className="MuiTypography-root MuiTypography-h6  emotion-3"
      lines={3}
    >
      Buy
    </h5>
  </div>
  <div
    className="MuiGrid-root MuiGrid-item emotion-4"
  >
    <form
      action="#"
      onReset={[Function]}
      onSubmit={[Function]}
    >
      <div
        className="MuiGrid-root MuiGrid-container MuiGrid-spacing-xs-3 MuiGrid-direction-xs-column emotion-5"
      >
        <div
          className="MuiGrid-root MuiGrid-item emotion-6"
        >
          <div
            className="MuiFormControl-root emotion-7"
          >
            <div
              className="MuiGrid-root MuiGrid-container MuiGrid-spacing-xs-undefined emotion-8"
            >
              <div
                className="MuiGrid-root MuiGrid-item MuiGrid-grid-xs-10 emotion-9"
              >
                <label
                  className="MuiInputLabel-root MuiInputLabel-formControl MuiInputLabel-animated MuiInputLabel-shrink MuiInputLabel-standard MuiFormLabel-root MuiFormLabel-colorPrimary Mui-required emotion-10"
                  data-shrink={true}
                  htmlFor="outcome"
                >
                  <span
                    className="MuiTypography-root MuiTypography-subtitle1  emotion-11"
                    lines={3}
                  >
                    outcome
                  </span>
                  <span
                    aria-hidden={true}
                    className="label-asterisk MuiFormLabel-asterisk emotion-12"
                  >
                     
                    *
                  </span>
                </label>
              </div>
              <div
                className="MuiGrid-root MuiGrid-item MuiGrid-grid-xs-2 emotion-13"
              >
                <div
                  className="MuiGrid-root MuiGrid-container MuiGrid-spacing-xs-undefined MuiGrid-direction-xs-row-reverse emotion-14"
                >
                  <div
                    className="MuiButtonBase-root MuiChip-root MuiChip-filled MuiChip-sizeMedium MuiChip-colorSecondary MuiChip-clickable MuiChip-clickableColorSecondary MuiChip-filledSecondary xs emotion-15"
                    onBlur={[Function]}
                    onClick={[MockFunction]}
                    onContextMenu={[Function]}
                    onDragLeave={[Function]}
                    onFocus={[Function]}
                    onKeyDown={[Function]}
                    onKeyUp={[Function]}
                    onMouseDown={[Function]}
                    onMouseLeave={[Function]}
                    onMouseUp={[Function]}
                    onTouchEnd={[Function]}
                    onTouchMove={[Function]}
                    onTouchStart={[Function]}
                    role="button"
                    tabIndex={0}
                  >
                    <svg
                      className="MuiChip-icon MuiChip-iconMedium MuiChip-iconColorSecondary"
                      fill="currentColor"
                      height="1em"
                      stroke="currentColor"
                      strokeWidth="0"
                      style={
                        Object {
                          "color": undefined,
                        }
                      }
                      viewBox="0 0 24 24"
                      width="1em"
                      xmlns="http://www.w3.org/2000/svg"
                    >
                      <g>
                        <path
                          d="M0 0h24v24H0z"
                          fill="none"
                        />
                        <path
                          d="M5.463 4.433A9.961 9.961 0 0 1 12 2c5.523 0 10 4.477 10 10 0 2.136-.67 4.116-1.81 5.74L17 12h3A8 8 0 0 0 6.46 6.228l-.997-1.795zm13.074 15.134A9.961 9.961 0 0 1 12 22C6.477 22 2 17.523 2 12c0-2.136.67-4.116 1.81-5.74L7 12H4a8 8 0 0 0 13.54 5.772l.997 1.795z"
                        />
                      </g>
                    </svg>
                    <span
                      className="MuiChip-label MuiChip-labelMedium emotion-16"
                    >
                      Refresh Prices
                    </span>
                  </div>
                </div>
              </div>
            </div>
            <div
              className="MuiToggleButtonGroup-root MuiToggleButtonGroup-fullWidth emotion-17"
              id="outcome"
              role="group"
            >
              <button
                aria-pressed={true}
                className="MuiButtonBase-root MuiToggleButton-root Mui-selected MuiToggleButton-fullWidth MuiToggleButton-sizeMedium MuiToggleButton-success MuiToggleButtonGroup-grouped MuiToggleButtonGroup-groupedHorizontal emotion-18"
                color="success"
                disabled={false}
                onBlur={[Function]}
                onChange={[Function]}
                onClick={[Function]}
                onContextMenu={[Function]}
                onDragLeave={[Function]}
                onFocus={[Function]}
                onKeyDown={[Function]}
                onKeyUp={[Function]}
                onMouseDown={[Function]}
                onMouseLeave={[Function]}
                onMouseUp={[Function]}
                onTouchEnd={[Function]}
                onTouchMove={[Function]}
                onTouchStart={[Function]}
                tabIndex={0}
                type="button"
                value="Yes"
              >
                Yes
                 (
                12$
                )
              </button>
              <button
                aria-pressed={false}
                className="MuiButtonBase-root MuiToggleButton-root MuiToggleButton-fullWidth MuiToggleButton-sizeMedium MuiToggleButton-success MuiToggleButtonGroup-grouped MuiToggleButtonGroup-groupedHorizontal emotion-18"
                color="success"
                disabled={false}
                onBlur={[Function]}
                onChange={[Function]}
                onClick={[Function]}
                onContextMenu={[Function]}
                onDragLeave={[Function]}
                onFocus={[Function]}
                onKeyDown={[Function]}
                onKeyUp={[Function]}
                onMouseDown={[Function]}
                onMouseLeave={[Function]}
                onMouseUp={[Function]}
                onTouchEnd={[Function]}
                onTouchMove={[Function]}
                onTouchStart={[Function]}
                tabIndex={0}
                type="button"
                value="No"
              >
                No
                 (
                8$
                )
              </button>
            </div>
          </div>
        </div>
        <div
          className="MuiGrid-root MuiGrid-item emotion-4"
        >
          <div
            className="MuiFormControl-root emotion-7"
          >
            <div
              className="MuiGrid-root MuiGrid-container MuiGrid-spacing-xs-undefined emotion-8"
            >
              <div
                className="MuiGrid-root MuiGrid-item MuiGrid-grid-xs-11 emotion-23"
              >
                <label
                  className="MuiInputLabel-root MuiInputLabel-formControl MuiInputLabel-animated MuiInputLabel-shrink MuiInputLabel-standard MuiFormLabel-root MuiFormLabel-colorPrimary Mui-required emotion-10"
                  data-shrink={true}
                  htmlFor="quantity"
                >
                  <span
                    className="MuiTypography-root MuiTypography-subtitle1  emotion-11"
                    lines={3}
                  >
                    quantity
                  </span>
                  <span
                    aria-hidden={true}
                    className="label-asterisk MuiFormLabel-asterisk emotion-12"
                  >
                     
                    *
                  </span>
                </label>
              </div>
            </div>
            <div
              className="MuiFormControl-root MuiFormControl-fullWidth MuiTextField-root emotion-27"
            >
              <div
                className="MuiInput-root MuiInput-underline MuiInputBase-root MuiInputBase-colorPrimary MuiInputBase-fullWidth MuiInputBase-formControl MuiInputBase-adornedEnd emotion-28"
                onClick={[Function]}
              >
                <input
                  aria-invalid={false}
                  autoFocus={false}
                  className="MuiInput-input MuiInputBase-input MuiInputBase-inputAdornedEnd emotion-29"
                  disabled={false}
                  name="quantity"
                  onAnimationStart={[Function]}
                  onBlur={[Function]}
                  onChange={[Function]}
                  onFocus={[Function]}
                  required={false}
                  type="number"
                  value={0}
                />
                <p
                  className="MuiTypography-root MuiTypography-body1  emotion-30"
                  lines={3}
                >
                  PMM
                </p>
              </div>
            </div>
            
          </div>
        </div>
        <div
          className="MuiGrid-root MuiGrid-item emotion-4"
        />
        <div
          className="MuiGrid-root MuiGrid-item emotion-4"
        >
          <button
            bordercolor="transparent"
            className="MuiButton-root MuiButton-contained MuiButton-containedPrimary MuiButton-sizeSmall MuiButton-containedSizeSmall MuiButton-fullWidth MuiButtonBase-root Mui-disabled emotion-33"
            disabled={true}
            onBlur={[Function]}
            onContextMenu={[Function]}
            onDragLeave={[Function]}
            onFocus={[Function]}
            onKeyDown={[Function]}
            onKeyUp={[Function]}
            onMouseDown={[Function]}
            onMouseLeave={[Function]}
            onMouseUp={[Function]}
            onTouchEnd={[Function]}
            onTouchMove={[Function]}
            onTouchStart={[Function]}
            tabIndex={-1}
            type="submit"
          >
            <h3
              className="MuiTypography-root MuiTypography-h3  emotion-34"
              lines={3}
            >
              Buy
            </h3>
          </button>
        </div>
      </div>
    </form>
  </div>
</div>
`;
