// Jest Snapshot v1, https://goo.gl/fbAQLP

exports[`Snapshot testing ExpandText Component renders correctly with Large text 1`] = `
.emotion-0 {
  margin: 0;
  font-family: "Roboto","Helvetica","Arial",sans-serif;
  font-weight: 400;
  font-size: 1rem;
  line-height: 1.5;
  letter-spacing: 0.00938em;
}

.emotion-0.truncate {
  overflow: hidden;
  display: -webkit-box;
  -webkit-box-orient: vertical;
  -webkit-line-clamp: 3;
}

<p
  className="MuiTypography-root MuiTypography-body1  truncate emotion-0"
  lines={3}
>
  Lorem ipsum dolor sit amet consectetur adipisicing elit.Lorem ipsum dolor sit amet consectetur adipisicing elit.Lorem ipsum dolor sit amet consectetur adipisicing elit.Lorem ipsum dolor sit amet consectetur adipisicing elit.Lorem ipsum dolor sit amet consectetur adipisicing elit.Lorem ipsum dolor sit amet consectetur adipisicing elit.Lorem ipsum dolor sit amet consectetur adipisicing elit.Lorem ipsum dolor sit amet consectetur adipisicing elit.Lorem ipsum dolor sit amet consectetur adipisicing elit.Lorem ipsum dolor sit amet consectetur adipisicing elit.Lorem ipsum dolor sit amet consectetur adipisicing elit.Lorem ipsum dolor sit amet consectetur adipisicing elit.Lorem ipsum dolor sit amet consectetur adipisicing elit.Lorem ipsum dolor sit amet consectetur adipisicing elit.Lorem ipsum dolor sit amet consectetur adipisicing elit.Lorem ipsum dolor sit amet consectetur adipisicing elit.Lorem ipsum dolor sit amet consectetur adipisicing elit.Lorem ipsum dolor sit amet consectetur adipisicing elit.Lorem ipsum dolor sit amet consectetur adipisicing elit.Lorem ipsum dolor sit amet consectetur adipisicing elit.
</p>
`;

exports[`Snapshot testing ExpandText Component renders correctly with small text 1`] = `
.emotion-0 {
  margin: 0;
  font-family: "Roboto","Helvetica","Arial",sans-serif;
  font-weight: 400;
  font-size: 1rem;
  line-height: 1.5;
  letter-spacing: 0.00938em;
}

.emotion-0.truncate {
  overflow: hidden;
  display: -webkit-box;
  -webkit-box-orient: vertical;
  -webkit-line-clamp: 3;
}

<p
  className="MuiTypography-root MuiTypography-body1  truncate emotion-0"
  lines={3}
>
  Lorem ipsum dolor sit amet consectetur adipisicing elit.
</p>
`;
