// Jest Snapshot v1, https://goo.gl/fbAQLP

exports[`Snapshot - render FormikToggleButton renders correctly in disabled mode 1`] = `
.emotion-0 {
  display: -webkit-inline-box;
  display: -webkit-inline-flex;
  display: -ms-inline-flexbox;
  display: inline-flex;
  -webkit-flex-direction: column;
  -ms-flex-direction: column;
  flex-direction: column;
  position: relative;
  min-width: 0;
  padding: 0;
  margin: 0;
  border: 0;
  vertical-align: top;
}

.emotion-1 {
  box-sizing: border-box;
  display: -webkit-box;
  display: -webkit-flex;
  display: -ms-flexbox;
  display: flex;
  -webkit-box-flex-wrap: wrap;
  -webkit-flex-wrap: wrap;
  -ms-flex-wrap: wrap;
  flex-wrap: wrap;
  width: 100%;
  -webkit-flex-direction: row;
  -ms-flex-direction: row;
  flex-direction: row;
  -webkit-align-items: center;
  -webkit-box-align: center;
  -ms-flex-align: center;
  align-items: center;
}

.emotion-2 {
  box-sizing: border-box;
  margin: 0;
  -webkit-flex-direction: row;
  -ms-flex-direction: row;
  flex-direction: row;
  -webkit-flex-basis: 91.666667%;
  -ms-flex-preferred-size: 91.666667%;
  flex-basis: 91.666667%;
  -webkit-box-flex: 0;
  -webkit-flex-grow: 0;
  -ms-flex-positive: 0;
  flex-grow: 0;
  max-width: 91.666667%;
}

.emotion-3 {
  color: rgba(0, 0, 0, 0.6);
  font-family: "Roboto","Helvetica","Arial",sans-serif;
  font-weight: 400;
  font-size: 1rem;
  line-height: 1.4375em;
  letter-spacing: 0.00938em;
  padding: 0;
  position: relative;
  display: block;
  transform-origin: top left;
  white-space: nowrap;
  overflow: hidden;
  text-overflow: ellipsis;
  max-width: 133%;
  position: absolute;
  left: 0;
  top: 0;
  -webkit-transform: translate(0, -1.5px) scale(0.75);
  -moz-transform: translate(0, -1.5px) scale(0.75);
  -ms-transform: translate(0, -1.5px) scale(0.75);
  transform: translate(0, -1.5px) scale(0.75);
  -webkit-transition: color 200ms cubic-bezier(0.0, 0, 0.2, 1) 0ms,-webkit-transform 200ms cubic-bezier(0.0, 0, 0.2, 1) 0ms,max-width 200ms cubic-bezier(0.0, 0, 0.2, 1) 0ms;
  transition: color 200ms cubic-bezier(0.0, 0, 0.2, 1) 0ms,transform 200ms cubic-bezier(0.0, 0, 0.2, 1) 0ms,max-width 200ms cubic-bezier(0.0, 0, 0.2, 1) 0ms;
}

.emotion-3.Mui-focused {
  color: #1976d2;
}

.emotion-3.Mui-disabled {
  color: rgba(0, 0, 0, 0.38);
}

.emotion-3.Mui-error {
  color: #d32f2f;
}

.emotion-4 {
  margin: 0;
  font-family: "Roboto","Helvetica","Arial",sans-serif;
  font-weight: 400;
  font-size: 1rem;
  line-height: 1.75;
  letter-spacing: 0.00938em;
}

.emotion-4.truncate {
  overflow: hidden;
  display: -webkit-box;
  -webkit-box-orient: vertical;
  -webkit-line-clamp: 3;
}

.emotion-5.Mui-error {
  color: #d32f2f;
}

.emotion-6 {
  display: -webkit-inline-box;
  display: -webkit-inline-flex;
  display: -ms-inline-flexbox;
  display: inline-flex;
  border-radius: 4px;
  width: 100%;
  margin-top: 8px;
  margin-bottom: 8px;
}

.emotion-6 .MuiToggleButtonGroup-grouped:not(:first-of-type) {
  margin-left: -1px;
  border-left: 1px solid transparent;
  border-top-left-radius: 0;
  border-bottom-left-radius: 0;
}

.emotion-6 .MuiToggleButtonGroup-grouped:not(:last-of-type) {
  border-top-right-radius: 0;
  border-bottom-right-radius: 0;
}

.emotion-6 .MuiToggleButtonGroup-grouped.Mui-selected+.MuiToggleButtonGroup-grouped.Mui-selected {
  border-left: 0;
  margin-left: 0;
}

.emotion-6 button.MuiToggleButton-root {
  border-color: transparent;
  border-radius: 0;
  background-color: #e0e0e0;
  padding: 2.6666666666666665px;
}

.emotion-6 button.MuiToggleButton-root.Mui-disabled,
.emotion-6 button.MuiToggleButton-root[disabled] {
  opacity: 0.8;
}

.emotion-7 {
  display: -webkit-inline-box;
  display: -webkit-inline-flex;
  display: -ms-inline-flexbox;
  display: inline-flex;
  -webkit-align-items: center;
  -webkit-box-align: center;
  -ms-flex-align: center;
  align-items: center;
  -webkit-box-pack: center;
  -ms-flex-pack: center;
  -webkit-justify-content: center;
  justify-content: center;
  position: relative;
  box-sizing: border-box;
  -webkit-tap-highlight-color: transparent;
  background-color: transparent;
  outline: 0;
  border: 0;
  margin: 0;
  border-radius: 0;
  padding: 0;
  cursor: pointer;
  -webkit-user-select: none;
  -moz-user-select: none;
  -ms-user-select: none;
  user-select: none;
  vertical-align: middle;
  -moz-appearance: none;
  -webkit-appearance: none;
  -webkit-text-decoration: none;
  text-decoration: none;
  color: inherit;
  font-family: "Roboto","Helvetica","Arial",sans-serif;
  font-weight: 500;
  font-size: 0.875rem;
  line-height: 1.75;
  letter-spacing: 0.02857em;
  text-transform: uppercase;
  border-radius: 4px;
  padding: 11px;
  border: 1px solid rgba(0, 0, 0, 0.12);
  color: rgba(0, 0, 0, 0.54);
  width: 100%;
}

.emotion-7::-moz-focus-inner {
  border-style: none;
}

.emotion-7.Mui-disabled {
  pointer-events: none;
  cursor: default;
}

@media print {
  .emotion-7 {
    -webkit-print-color-adjust: exact;
    color-adjust: exact;
  }
}

.emotion-7.Mui-disabled {
  color: rgba(0, 0, 0, 0.26);
  border: 1px solid rgba(0, 0, 0, 0.12);
}

.emotion-7:hover {
  -webkit-text-decoration: none;
  text-decoration: none;
  background-color: rgba(0, 0, 0, 0.04);
}

@media (hover: none) {
  .emotion-7:hover {
    background-color: transparent;
  }
}

.emotion-7.Mui-selected {
  color: #2e7d32;
  background-color: rgba(46, 125, 50, 0.08);
}

.emotion-7.Mui-selected:hover {
  background-color: rgba(46, 125, 50, 0.12);
}

@media (hover: none) {
  .emotion-7.Mui-selected:hover {
    background-color: rgba(46, 125, 50, 0.08);
  }
}

.emotion-7.Mui-selected {
  color: #2e7d32;
}

.emotion-7.Mui-selected.MuiToggleButtonGroup-grouped:first-of-type {
  background-color: #1b5e20;
  border-left-color: #2e7d32;
}

.emotion-7.Mui-selected.MuiToggleButtonGroup-grouped:last-of-type {
  border-right-color: #2e7d32;
  background-color: #1b5e20;
}

<form
  action="#"
  onReset={[Function]}
  onSubmit={[Function]}
>
  <div
    className="MuiFormControl-root emotion-0"
  >
    <div
      className="MuiGrid-root MuiGrid-container MuiGrid-spacing-xs-undefined emotion-1"
    >
      <div
        className="MuiGrid-root MuiGrid-item MuiGrid-grid-xs-11 emotion-2"
      >
        <label
          className="MuiInputLabel-root MuiInputLabel-formControl MuiInputLabel-animated MuiInputLabel-shrink MuiInputLabel-standard MuiFormLabel-root MuiFormLabel-colorPrimary Mui-disabled Mui-required emotion-3"
          data-shrink={true}
        >
          <span
            className="MuiTypography-root MuiTypography-subtitle1  emotion-4"
            lines={3}
          >
            Outcome
          </span>
          <span
            aria-hidden={true}
            className="label-asterisk MuiFormLabel-asterisk emotion-5"
          >
            â€‰
            *
          </span>
        </label>
      </div>
    </div>
    <div
      className="MuiToggleButtonGroup-root MuiToggleButtonGroup-fullWidth emotion-6"
      role="group"
    >
      <button
        aria-pressed={false}
        className="MuiButtonBase-root Mui-disabled MuiToggleButton-root Mui-disabled MuiToggleButton-fullWidth MuiToggleButton-sizeMedium MuiToggleButton-success MuiToggleButtonGroup-grouped MuiToggleButtonGroup-groupedHorizontal emotion-7"
        disabled={true}
        onBlur={[Function]}
        onChange={[Function]}
        onClick={[Function]}
        onContextMenu={[Function]}
        onDragLeave={[Function]}
        onFocus={[Function]}
        onKeyDown={[Function]}
        onKeyUp={[Function]}
        onMouseDown={[Function]}
        onMouseLeave={[Function]}
        onMouseUp={[Function]}
        onTouchEnd={[Function]}
        onTouchMove={[Function]}
        onTouchStart={[Function]}
        tabIndex={-1}
        type="button"
        value="Yes (12$)"
      >
        Yes (12$)
         (
        Yes
        )
      </button>
      <button
        aria-pressed={false}
        className="MuiButtonBase-root Mui-disabled MuiToggleButton-root Mui-disabled MuiToggleButton-fullWidth MuiToggleButton-sizeMedium MuiToggleButton-success MuiToggleButtonGroup-grouped MuiToggleButtonGroup-groupedHorizontal emotion-7"
        disabled={true}
        onBlur={[Function]}
        onChange={[Function]}
        onClick={[Function]}
        onContextMenu={[Function]}
        onDragLeave={[Function]}
        onFocus={[Function]}
        onKeyDown={[Function]}
        onKeyUp={[Function]}
        onMouseDown={[Function]}
        onMouseLeave={[Function]}
        onMouseUp={[Function]}
        onTouchEnd={[Function]}
        onTouchMove={[Function]}
        onTouchStart={[Function]}
        tabIndex={-1}
        type="button"
        value="No (8$)"
      >
        No (8$)
         (
        No
        )
      </button>
    </div>
  </div>
</form>
`;

exports[`Snapshot - render FormikToggleButton renders correctly with default props 1`] = `
.emotion-0 {
  display: -webkit-inline-box;
  display: -webkit-inline-flex;
  display: -ms-inline-flexbox;
  display: inline-flex;
  -webkit-flex-direction: column;
  -ms-flex-direction: column;
  flex-direction: column;
  position: relative;
  min-width: 0;
  padding: 0;
  margin: 0;
  border: 0;
  vertical-align: top;
}

.emotion-1 {
  box-sizing: border-box;
  display: -webkit-box;
  display: -webkit-flex;
  display: -ms-flexbox;
  display: flex;
  -webkit-box-flex-wrap: wrap;
  -webkit-flex-wrap: wrap;
  -ms-flex-wrap: wrap;
  flex-wrap: wrap;
  width: 100%;
  -webkit-flex-direction: row;
  -ms-flex-direction: row;
  flex-direction: row;
  -webkit-align-items: center;
  -webkit-box-align: center;
  -ms-flex-align: center;
  align-items: center;
}

.emotion-2 {
  box-sizing: border-box;
  margin: 0;
  -webkit-flex-direction: row;
  -ms-flex-direction: row;
  flex-direction: row;
  -webkit-flex-basis: 91.666667%;
  -ms-flex-preferred-size: 91.666667%;
  flex-basis: 91.666667%;
  -webkit-box-flex: 0;
  -webkit-flex-grow: 0;
  -ms-flex-positive: 0;
  flex-grow: 0;
  max-width: 91.666667%;
}

.emotion-3 {
  color: rgba(0, 0, 0, 0.6);
  font-family: "Roboto","Helvetica","Arial",sans-serif;
  font-weight: 400;
  font-size: 1rem;
  line-height: 1.4375em;
  letter-spacing: 0.00938em;
  padding: 0;
  position: relative;
  display: block;
  transform-origin: top left;
  white-space: nowrap;
  overflow: hidden;
  text-overflow: ellipsis;
  max-width: 133%;
  position: absolute;
  left: 0;
  top: 0;
  -webkit-transform: translate(0, -1.5px) scale(0.75);
  -moz-transform: translate(0, -1.5px) scale(0.75);
  -ms-transform: translate(0, -1.5px) scale(0.75);
  transform: translate(0, -1.5px) scale(0.75);
  -webkit-transition: color 200ms cubic-bezier(0.0, 0, 0.2, 1) 0ms,-webkit-transform 200ms cubic-bezier(0.0, 0, 0.2, 1) 0ms,max-width 200ms cubic-bezier(0.0, 0, 0.2, 1) 0ms;
  transition: color 200ms cubic-bezier(0.0, 0, 0.2, 1) 0ms,transform 200ms cubic-bezier(0.0, 0, 0.2, 1) 0ms,max-width 200ms cubic-bezier(0.0, 0, 0.2, 1) 0ms;
}

.emotion-3.Mui-focused {
  color: #1976d2;
}

.emotion-3.Mui-disabled {
  color: rgba(0, 0, 0, 0.38);
}

.emotion-3.Mui-error {
  color: #d32f2f;
}

.emotion-4 {
  margin: 0;
  font-family: "Roboto","Helvetica","Arial",sans-serif;
  font-weight: 400;
  font-size: 1rem;
  line-height: 1.75;
  letter-spacing: 0.00938em;
}

.emotion-4.truncate {
  overflow: hidden;
  display: -webkit-box;
  -webkit-box-orient: vertical;
  -webkit-line-clamp: 3;
}

.emotion-5.Mui-error {
  color: #d32f2f;
}

.emotion-6 {
  display: -webkit-inline-box;
  display: -webkit-inline-flex;
  display: -ms-inline-flexbox;
  display: inline-flex;
  border-radius: 4px;
  width: 100%;
  margin-top: 8px;
  margin-bottom: 8px;
}

.emotion-6 .MuiToggleButtonGroup-grouped:not(:first-of-type) {
  margin-left: -1px;
  border-left: 1px solid transparent;
  border-top-left-radius: 0;
  border-bottom-left-radius: 0;
}

.emotion-6 .MuiToggleButtonGroup-grouped:not(:last-of-type) {
  border-top-right-radius: 0;
  border-bottom-right-radius: 0;
}

.emotion-6 .MuiToggleButtonGroup-grouped.Mui-selected+.MuiToggleButtonGroup-grouped.Mui-selected {
  border-left: 0;
  margin-left: 0;
}

.emotion-6 button.MuiToggleButton-root {
  border-color: transparent;
  border-radius: 0;
  background-color: #e0e0e0;
  padding: 2.6666666666666665px;
}

.emotion-6 button.MuiToggleButton-root.Mui-disabled,
.emotion-6 button.MuiToggleButton-root[disabled] {
  opacity: 0.8;
}

.emotion-7 {
  display: -webkit-inline-box;
  display: -webkit-inline-flex;
  display: -ms-inline-flexbox;
  display: inline-flex;
  -webkit-align-items: center;
  -webkit-box-align: center;
  -ms-flex-align: center;
  align-items: center;
  -webkit-box-pack: center;
  -ms-flex-pack: center;
  -webkit-justify-content: center;
  justify-content: center;
  position: relative;
  box-sizing: border-box;
  -webkit-tap-highlight-color: transparent;
  background-color: transparent;
  outline: 0;
  border: 0;
  margin: 0;
  border-radius: 0;
  padding: 0;
  cursor: pointer;
  -webkit-user-select: none;
  -moz-user-select: none;
  -ms-user-select: none;
  user-select: none;
  vertical-align: middle;
  -moz-appearance: none;
  -webkit-appearance: none;
  -webkit-text-decoration: none;
  text-decoration: none;
  color: inherit;
  font-family: "Roboto","Helvetica","Arial",sans-serif;
  font-weight: 500;
  font-size: 0.875rem;
  line-height: 1.75;
  letter-spacing: 0.02857em;
  text-transform: uppercase;
  border-radius: 4px;
  padding: 11px;
  border: 1px solid rgba(0, 0, 0, 0.12);
  color: rgba(0, 0, 0, 0.54);
  width: 100%;
}

.emotion-7::-moz-focus-inner {
  border-style: none;
}

.emotion-7.Mui-disabled {
  pointer-events: none;
  cursor: default;
}

@media print {
  .emotion-7 {
    -webkit-print-color-adjust: exact;
    color-adjust: exact;
  }
}

.emotion-7.Mui-disabled {
  color: rgba(0, 0, 0, 0.26);
  border: 1px solid rgba(0, 0, 0, 0.12);
}

.emotion-7:hover {
  -webkit-text-decoration: none;
  text-decoration: none;
  background-color: rgba(0, 0, 0, 0.04);
}

@media (hover: none) {
  .emotion-7:hover {
    background-color: transparent;
  }
}

.emotion-7.Mui-selected {
  color: #2e7d32;
  background-color: rgba(46, 125, 50, 0.08);
}

.emotion-7.Mui-selected:hover {
  background-color: rgba(46, 125, 50, 0.12);
}

@media (hover: none) {
  .emotion-7.Mui-selected:hover {
    background-color: rgba(46, 125, 50, 0.08);
  }
}

.emotion-7.Mui-selected {
  color: #2e7d32;
}

.emotion-7.Mui-selected.MuiToggleButtonGroup-grouped:first-of-type {
  background-color: #1b5e20;
  border-left-color: #2e7d32;
}

.emotion-7.Mui-selected.MuiToggleButtonGroup-grouped:last-of-type {
  border-right-color: #2e7d32;
  background-color: #1b5e20;
}

<form
  action="#"
  onReset={[Function]}
  onSubmit={[Function]}
>
  <div
    className="MuiFormControl-root emotion-0"
  >
    <div
      className="MuiGrid-root MuiGrid-container MuiGrid-spacing-xs-undefined emotion-1"
    >
      <div
        className="MuiGrid-root MuiGrid-item MuiGrid-grid-xs-11 emotion-2"
      >
        <label
          className="MuiInputLabel-root MuiInputLabel-formControl MuiInputLabel-animated MuiInputLabel-shrink MuiInputLabel-standard MuiFormLabel-root MuiFormLabel-colorPrimary Mui-required emotion-3"
          data-shrink={true}
        >
          <span
            className="MuiTypography-root MuiTypography-subtitle1  emotion-4"
            lines={3}
          >
            Outcome
          </span>
          <span
            aria-hidden={true}
            className="label-asterisk MuiFormLabel-asterisk emotion-5"
          >
            â€‰
            *
          </span>
        </label>
      </div>
    </div>
    <div
      className="MuiToggleButtonGroup-root MuiToggleButtonGroup-fullWidth emotion-6"
      role="group"
    >
      <button
        aria-pressed={false}
        className="MuiButtonBase-root MuiToggleButton-root MuiToggleButton-fullWidth MuiToggleButton-sizeMedium MuiToggleButton-success MuiToggleButtonGroup-grouped MuiToggleButtonGroup-groupedHorizontal emotion-7"
        disabled={false}
        onBlur={[Function]}
        onChange={[Function]}
        onClick={[Function]}
        onContextMenu={[Function]}
        onDragLeave={[Function]}
        onFocus={[Function]}
        onKeyDown={[Function]}
        onKeyUp={[Function]}
        onMouseDown={[Function]}
        onMouseLeave={[Function]}
        onMouseUp={[Function]}
        onTouchEnd={[Function]}
        onTouchMove={[Function]}
        onTouchStart={[Function]}
        tabIndex={0}
        type="button"
        value="Yes (12$)"
      >
        Yes (12$)
         (
        Yes
        )
      </button>
      <button
        aria-pressed={false}
        className="MuiButtonBase-root MuiToggleButton-root MuiToggleButton-fullWidth MuiToggleButton-sizeMedium MuiToggleButton-success MuiToggleButtonGroup-grouped MuiToggleButtonGroup-groupedHorizontal emotion-7"
        disabled={false}
        onBlur={[Function]}
        onChange={[Function]}
        onClick={[Function]}
        onContextMenu={[Function]}
        onDragLeave={[Function]}
        onFocus={[Function]}
        onKeyDown={[Function]}
        onKeyUp={[Function]}
        onMouseDown={[Function]}
        onMouseLeave={[Function]}
        onMouseUp={[Function]}
        onTouchEnd={[Function]}
        onTouchMove={[Function]}
        onTouchStart={[Function]}
        tabIndex={0}
        type="button"
        value="No (8$)"
      >
        No (8$)
         (
        No
        )
      </button>
    </div>
  </div>
</form>
`;
