// Jest Snapshot v1, https://goo.gl/fbAQLP

exports[`Snapshot testing Table Component renders correctly 1`] = `
.emotion-0 {
  background-color: #fff;
  color: rgba(0, 0, 0, 0.87);
  -webkit-transition: box-shadow 300ms cubic-bezier(0.4, 0, 0.2, 1) 0ms;
  transition: box-shadow 300ms cubic-bezier(0.4, 0, 0.2, 1) 0ms;
  box-shadow: 0px 2px 1px -1px rgba(0,0,0,0.2),0px 1px 1px 0px rgba(0,0,0,0.14),0px 1px 3px 0px rgba(0,0,0,0.12);
  padding: 1rem;
}

.emotion-1 {
  margin: 0;
  font-family: "Roboto","Helvetica","Arial",sans-serif;
  font-weight: 400;
  font-size: 1.5rem;
  line-height: 1.334;
  letter-spacing: 0em;
}

.emotion-2 {
  text-align: center;
  padding-top: 1rem;
}

.emotion-3 {
  display: -webkit-inline-box;
  display: -webkit-inline-flex;
  display: -ms-inline-flexbox;
  display: inline-flex;
  -webkit-align-items: center;
  -webkit-box-align: center;
  -ms-flex-align: center;
  align-items: center;
  -webkit-box-pack: center;
  -ms-flex-pack: center;
  -webkit-justify-content: center;
  justify-content: center;
  position: relative;
  box-sizing: border-box;
  -webkit-tap-highlight-color: transparent;
  background-color: transparent;
  outline: 0;
  border: 0;
  margin: 0;
  border-radius: 0;
  padding: 0;
  cursor: pointer;
  -webkit-user-select: none;
  -moz-user-select: none;
  -ms-user-select: none;
  user-select: none;
  vertical-align: middle;
  -moz-appearance: none;
  -webkit-appearance: none;
  -webkit-text-decoration: none;
  text-decoration: none;
  color: inherit;
  font-family: "Roboto","Helvetica","Arial",sans-serif;
  font-weight: 500;
  font-size: 0.8125rem;
  line-height: 1.75;
  letter-spacing: 0.02857em;
  text-transform: uppercase;
  min-width: 64px;
  padding: 4px 5px;
  border-radius: 4px;
  -webkit-transition: background-color 250ms cubic-bezier(0.4, 0, 0.2, 1) 0ms,box-shadow 250ms cubic-bezier(0.4, 0, 0.2, 1) 0ms,border-color 250ms cubic-bezier(0.4, 0, 0.2, 1) 0ms,color 250ms cubic-bezier(0.4, 0, 0.2, 1) 0ms;
  transition: background-color 250ms cubic-bezier(0.4, 0, 0.2, 1) 0ms,box-shadow 250ms cubic-bezier(0.4, 0, 0.2, 1) 0ms,border-color 250ms cubic-bezier(0.4, 0, 0.2, 1) 0ms,color 250ms cubic-bezier(0.4, 0, 0.2, 1) 0ms;
  color: #3f51b5;
  border-radius: 0.2em;
  padding: 0.2em 1.2em;
  border: solid 2px transparent;
}

.emotion-3::-moz-focus-inner {
  border-style: none;
}

.emotion-3.Mui-disabled {
  pointer-events: none;
  cursor: default;
}

@media print {
  .emotion-3 {
    -webkit-print-color-adjust: exact;
    color-adjust: exact;
  }
}

.emotion-3:hover {
  -webkit-text-decoration: none;
  text-decoration: none;
  background-color: rgba(63, 81, 181, 0.04);
}

@media (hover: none) {
  .emotion-3:hover {
    background-color: transparent;
  }
}

.emotion-3.Mui-disabled {
  color: rgba(0, 0, 0, 0.26);
}

.emotion-3:hover {
  border-width: 2px!important;
}

.emotion-3:disabled {
  border-color: transparent;
}

.emotion-4 {
  width: 100%;
  display: inherit;
  -webkit-align-items: inherit;
  -webkit-box-align: inherit;
  -ms-flex-align: inherit;
  align-items: inherit;
  -webkit-box-pack: inherit;
  -ms-flex-pack: inherit;
  -webkit-justify-content: inherit;
  justify-content: inherit;
}

.emotion-5 {
  overflow: hidden;
  pointer-events: none;
  position: absolute;
  z-index: 0;
  top: 0;
  right: 0;
  bottom: 0;
  left: 0;
  border-radius: inherit;
}

<div
  className="MuiPaper-root MuiPaper-elevation MuiPaper-elevation1 emotion-0"
>
  <h1
    className="MuiTypography-root MuiTypography-h5 emotion-1"
  >
    Trade History
  </h1>
  <div
    aria-colcount={4}
    aria-label="grid"
    aria-multiselectable={false}
    aria-rowcount={4}
    className="MuiDataGrid-root MuiDataGrid-root MuiDataGrid-autoHeight"
    role="grid"
  >
    <div
      className="MuiDataGrid-main"
    >
      <div
        className="MuiDataGrid-overlay"
        error={[TypeError: Cannot read property 'parentElement' of null]}
        errorInfo={
          Object {
            "componentStack": "
    at /Users/shohreh/Projects/prediction-market-ui/node_modules/@material-ui/data-grid/dist/index-cjs.js:15:68708
    at div
    at is (/Users/shohreh/Projects/prediction-market-ui/node_modules/@material-ui/data-grid/dist/index-cjs.js:15:157289)
    at as (/Users/shohreh/Projects/prediction-market-ui/node_modules/@material-ui/data-grid/dist/index-cjs.js:15:156723)
    at div
    at /Users/shohreh/Projects/prediction-market-ui/node_modules/@material-ui/data-grid/dist/index-cjs.js:15:32439
    at NoSsr (/Users/shohreh/Projects/prediction-market-ui/node_modules/@material-ui/core/node/NoSsr/NoSsr.js:33:5)
    at /Users/shohreh/Projects/prediction-market-ui/node_modules/@material-ui/data-grid/dist/index-cjs.js:15:157982
    at /Users/shohreh/Projects/prediction-market-ui/node_modules/@material-ui/data-grid/dist/index-cjs.js:15:166127
    at div
    at MuiPaper-root (/Users/shohreh/Projects/prediction-market-ui/node_modules/@emotion/react/dist/emotion-element-cb6e9ca7.cjs.dev.js:35:23)
    at Paper (/Users/shohreh/Projects/prediction-market-ui/node_modules/@material-ui/core/node/Paper/Paper.js:91:44)
    at Styled(Component) (/Users/shohreh/Projects/prediction-market-ui/node_modules/@emotion/react/dist/emotion-element-cb6e9ca7.cjs.dev.js:35:23)
    at TradeHistory (/Users/shohreh/Projects/prediction-market-ui/src/design-system/molecules/TradeHistory/TradeHistory.tsx:23:3)",
          }
        }
        style={
          Object {
            "top": 56,
          }
        }
      >
        An error occurred.
      </div>
    </div>
  </div>
  <div
    className="emotion-2"
  >
    <button
      bordercolor="transparent"
      className="MuiButton-root MuiButton-text MuiButton-textPrimary MuiButton-sizeSmall MuiButton-textSizeSmall MuiButtonBase-root emotion-3"
      disabled={false}
      onBlur={[Function]}
      onContextMenu={[Function]}
      onDragLeave={[Function]}
      onFocus={[Function]}
      onKeyDown={[Function]}
      onKeyUp={[Function]}
      onMouseDown={[Function]}
      onMouseLeave={[Function]}
      onMouseUp={[Function]}
      onTouchEnd={[Function]}
      onTouchMove={[Function]}
      onTouchStart={[Function]}
      tabIndex={0}
      type="button"
    >
      <span
        className="MuiButton-label emotion-4"
      >
        See All
      </span>
      <span
        className="MuiTouchRipple-root emotion-5"
      />
    </button>
  </div>
</div>
`;
