// Jest Snapshot v1, https://goo.gl/fbAQLP

exports[`Snapshot testing MarketHeader Component renders correctly 1`] = `
.emotion-0 {
  box-sizing: border-box;
  display: -webkit-box;
  display: -webkit-flex;
  display: -ms-flexbox;
  display: flex;
  -webkit-box-flex-wrap: wrap;
  -webkit-flex-wrap: wrap;
  -ms-flex-wrap: wrap;
  flex-wrap: wrap;
  width: 100%;
  -webkit-flex-direction: row;
  -ms-flex-direction: row;
  flex-direction: row;
  width: calc(100% + 8px);
  margin-top: -8px;
  width: calc(100% + 8px);
  margin-left: -8px;
  -webkit-box-pack: inherit;
  -ms-flex-pack: inherit;
  -webkit-justify-content: inherit;
  justify-content: inherit;
}

.emotion-0>.MuiGrid-item {
  padding-top: 8px;
}

.emotion-0>.MuiGrid-item {
  padding-left: 8px;
}

.emotion-1 {
  box-sizing: border-box;
  margin: 0;
  -webkit-flex-direction: row;
  -ms-flex-direction: row;
  flex-direction: row;
}

@media (min-width:900px) {
  .emotion-1 {
    -webkit-flex-basis: 25%;
    -ms-flex-preferred-size: 25%;
    flex-basis: 25%;
    -webkit-box-flex: 0;
    -webkit-flex-grow: 0;
    -ms-flex-positive: 0;
    flex-grow: 0;
    max-width: 25%;
  }
}

.emotion-2 {
  position: relative;
  display: -webkit-box;
  display: -webkit-flex;
  display: -ms-flexbox;
  display: flex;
  -webkit-align-items: center;
  -webkit-box-align: center;
  -ms-flex-align: center;
  align-items: center;
  -webkit-box-pack: center;
  -ms-flex-pack: center;
  -webkit-justify-content: center;
  justify-content: center;
  -webkit-flex-shrink: 0;
  -ms-flex-negative: 0;
  flex-shrink: 0;
  width: 40px;
  height: 40px;
  font-family: "Roboto","Helvetica","Arial",sans-serif;
  font-size: 1.25rem;
  line-height: 1;
  border-radius: 50%;
  overflow: hidden;
  -webkit-user-select: none;
  -moz-user-select: none;
  -ms-user-select: none;
  user-select: none;
}

.emotion-2.hasBackground {
  background-color: rgba(29, 34, 39, 0.04);
}

.emotion-2.xs {
  width: 24px;
  height: 24px;
}

.emotion-2.sm {
  width: 32px;
  height: 32px;
}

.emotion-2.md {
  width: 40px;
  height: 40px;
}

.emotion-2.lg {
  width: 48px;
  height: 48px;
}

.emotion-2.xl {
  width: 64px;
  height: 64px;
}

.emotion-2.xxl {
  width: 80px;
  height: 80px;
}

.emotion-2.max {
  width: 144px;
  height: 144px;
}

.emotion-3 {
  width: 100%;
  height: 100%;
  text-align: center;
  object-fit: cover;
  color: transparent;
  text-indent: 10000px;
}

.emotion-4 {
  box-sizing: border-box;
  display: -webkit-box;
  display: -webkit-flex;
  display: -ms-flexbox;
  display: flex;
  -webkit-box-flex-wrap: wrap;
  -webkit-flex-wrap: wrap;
  -ms-flex-wrap: wrap;
  flex-wrap: wrap;
  width: 100%;
  margin: 0;
  -webkit-flex-direction: row;
  -ms-flex-direction: row;
  flex-direction: row;
  -webkit-flex-basis: 75%;
  -ms-flex-preferred-size: 75%;
  flex-basis: 75%;
  -webkit-box-flex: 0;
  -webkit-flex-grow: 0;
  -ms-flex-positive: 0;
  flex-grow: 0;
  max-width: 75%;
  margin-top: 1rem;
  -webkit-align-items: inherit;
  -webkit-box-align: inherit;
  -ms-flex-align: inherit;
  align-items: inherit;
}

.emotion-5 {
  box-sizing: border-box;
  margin: 0;
  -webkit-flex-direction: row;
  -ms-flex-direction: row;
  flex-direction: row;
}

.emotion-8 {
  border-radius: 0.2em;
  padding: 0.3em 0.6em;
  display: inline-block;
  background-color: rgba(1, 102, 255, 0.12);
  color: rgba(29, 34, 39, 0.87);
}

.emotion-8.label--icon {
  display: -webkit-inline-box;
  display: -webkit-inline-flex;
  display: -ms-inline-flexbox;
  display: inline-flex;
  -webkit-flex-direction: row;
  -ms-flex-direction: row;
  flex-direction: row;
  -webkit-align-items: center;
  -webkit-box-align: center;
  -ms-flex-align: center;
  align-items: center;
}

.emotion-8.label--icon>* {
  margin-right: 0.3em;
}

.emotion-8.label--icon>svg {
  width: 0.8em;
  height: 0.8em;
}

.emotion-9 {
  margin: 0;
  font-family: "Roboto","Helvetica","Arial",sans-serif;
  font-weight: 400;
  font-size: 1.5rem;
  line-height: 1.334;
  letter-spacing: 0em;
}

.emotion-9.truncate {
  overflow: hidden;
  display: -webkit-box;
  -webkit-box-orient: vertical;
  -webkit-line-clamp: 3;
}

.emotion-11 {
  border-radius: 0.2em;
  padding: 0.3em 0.6em;
  display: inline-block;
  background-color: #9e9e9e;
  color: rgba(0, 0, 0, 0.87);
}

.emotion-11.label--icon {
  display: -webkit-inline-box;
  display: -webkit-inline-flex;
  display: -ms-inline-flexbox;
  display: inline-flex;
  -webkit-flex-direction: row;
  -ms-flex-direction: row;
  flex-direction: row;
  -webkit-align-items: center;
  -webkit-box-align: center;
  -ms-flex-align: center;
  align-items: center;
}

.emotion-11.label--icon>* {
  margin-right: 0.3em;
}

.emotion-11.label--icon>svg {
  width: 0.9em;
  height: 0.9em;
}

.emotion-13 {
  display: -webkit-box;
  -webkit-line-clamp: 3;
  -webkit-box-orient: vertical;
  overflow: hidden;
  padding: 0.3em 0;
}

.emotion-14 {
  margin: 0;
  font-family: "Roboto","Helvetica","Arial",sans-serif;
  font-weight: 300;
  font-size: 3.75rem;
  line-height: 1.2;
  letter-spacing: -0.00833em;
  font-weight: 700;
}

.emotion-14.truncate {
  overflow: hidden;
  display: -webkit-box;
  -webkit-box-orient: vertical;
  -webkit-line-clamp: 3;
}

.emotion-15 {
  box-sizing: border-box;
  display: -webkit-box;
  display: -webkit-flex;
  display: -ms-flexbox;
  display: flex;
  -webkit-box-flex-wrap: wrap;
  -webkit-flex-wrap: wrap;
  -ms-flex-wrap: wrap;
  flex-wrap: wrap;
  width: 100%;
  margin: 0;
  -webkit-flex-direction: row;
  -ms-flex-direction: row;
  flex-direction: row;
  margin-top: 1rem;
}

@media (min-width:600px) {
  .emotion-15 {
    -webkit-flex-basis: 100%;
    -ms-flex-preferred-size: 100%;
    flex-basis: 100%;
    -webkit-box-flex: 0;
    -webkit-flex-grow: 0;
    -ms-flex-positive: 0;
    flex-grow: 0;
    max-width: 100%;
  }
}

.emotion-16 {
  box-sizing: border-box;
  display: -webkit-box;
  display: -webkit-flex;
  display: -ms-flexbox;
  display: flex;
  -webkit-box-flex-wrap: wrap;
  -webkit-flex-wrap: wrap;
  -ms-flex-wrap: wrap;
  flex-wrap: wrap;
  width: 100%;
  margin: 0;
  -webkit-flex-direction: column;
  -ms-flex-direction: column;
  flex-direction: column;
  -webkit-flex-basis: 33.333333%;
  -ms-flex-preferred-size: 33.333333%;
  flex-basis: 33.333333%;
  -webkit-box-flex: 0;
  -webkit-flex-grow: 0;
  -ms-flex-positive: 0;
  flex-grow: 0;
  max-width: 33.333333%;
}

.emotion-16>.MuiGrid-item {
  max-width: none;
}

@media (min-width:600px) {
  .emotion-16 {
    -webkit-flex-basis: 25%;
    -ms-flex-preferred-size: 25%;
    flex-basis: 25%;
    -webkit-box-flex: 0;
    -webkit-flex-grow: 0;
    -ms-flex-positive: 0;
    flex-grow: 0;
    max-width: 25%;
  }
}

.emotion-18 {
  margin: 0;
  font-family: "Roboto","Helvetica","Arial",sans-serif;
  font-weight: 400;
  font-size: 2.125rem;
  line-height: 1.235;
  letter-spacing: 0.00735em;
  color: rgba(0, 0, 0, 0.6);
}

.emotion-18.truncate {
  overflow: hidden;
  display: -webkit-box;
  -webkit-box-orient: vertical;
  -webkit-line-clamp: 3;
}

.emotion-20 {
  margin: 0;
  font-family: "Roboto","Helvetica","Arial",sans-serif;
  font-weight: 400;
  font-size: 3rem;
  line-height: 1.167;
  letter-spacing: 0em;
  color: inherit;
}

.emotion-20.truncate {
  overflow: hidden;
  display: -webkit-box;
  -webkit-box-orient: vertical;
  -webkit-line-clamp: 3;
}

<div
  className="MuiGrid-root MuiGrid-container MuiGrid-spacing-xs-1 emotion-0"
>
  <div
    className="MuiGrid-root MuiGrid-item MuiGrid-grid-md-3 emotion-1"
  >
    <div
      className="MuiAvatar-root MuiAvatar-circular max hasBackground emotion-2"
    >
      <img
        className="MuiAvatar-img emotion-3"
        src="https://w.wallhaven.cc/full/rd/wallhaven-rd3pjw.jpg"
      />
    </div>
  </div>
  <div
    className="MuiGrid-root MuiGrid-container MuiGrid-item MuiGrid-spacing-xs-undefined MuiGrid-grid-xs-9 emotion-4"
  >
    <div
      className="MuiGrid-root MuiGrid-item emotion-5"
    >
      <div
        className="MuiGrid-root MuiGrid-container MuiGrid-spacing-xs-1 emotion-0"
      >
        <div
          className="MuiGrid-root MuiGrid-item emotion-5"
        >
          <span
            className=" emotion-8"
          >
            <h5
              className="MuiTypography-root MuiTypography-h5  emotion-9"
              lines={3}
            >
              Auction
            </h5>
          </span>
        </div>
        <div
          className="MuiGrid-root MuiGrid-item emotion-5"
        >
          <span
            className="label--icon emotion-11"
          >
            <svg
              fill="currentColor"
              height="1em"
              stroke="currentColor"
              strokeWidth="0"
              style={
                Object {
                  "color": undefined,
                }
              }
              viewBox="0 0 512 512"
              width="1em"
              xmlns="http://www.w3.org/2000/svg"
            >
              <path
                d="M247 62.107v9.94h-28.88v18H247v39.074c-84.367 4.682-151.514 74.737-151.514 160.26 0 41.037 15.468 78.508 40.873 106.91l-36.237 36.237 12.727 12.73 36.238-36.24C177.49 434.425 214.96 449.894 256 449.894c41.04 0 78.51-15.47 106.912-40.875l36.238 36.238 12.727-12.73-36.236-36.235c25.406-28.402 40.874-65.873 40.874-106.91 0-85.523-67.147-155.578-151.514-160.26V90.048h28.88v-18H265v-9.94h-18zm-104.906 26.58c-3.583-.03-7.267.125-11.014.465C111.1 90.97 89.15 98 73.637 113.514c-15.514 15.513-22.545 37.462-24.362 57.443-.908 9.99-.488 19.54 1.184 27.898 1.67 8.36 4.315 15.662 9.784 21.13l6.363 6.365 6.366-6.364 113.5-113.502-6.366-6.363c-5.47-5.468-12.77-8.112-21.128-9.784-4.18-.836-8.658-1.358-13.34-1.56-1.17-.05-2.352-.08-3.546-.088zm227.812 0c-1.194.01-2.376.04-3.547.09-4.682.2-9.16.723-13.34 1.56-8.357 1.67-15.658 4.315-21.127 9.784l-6.366 6.364 6.366 6.366 113.5 113.5 6.363-6.364c5.47-5.47 8.113-12.772 9.785-21.13 1.673-8.36 2.093-17.908 1.185-27.9-1.817-19.98-8.848-41.93-24.362-57.442C422.85 98 400.9 90.97 380.92 89.152c-3.747-.34-7.43-.494-11.014-.465zM256 146.865c78.815 0 142.514 63.7 142.514 142.514 0 78.814-63.7 142.513-142.514 142.513-78.815 0-142.514-63.7-142.514-142.514 0-78.816 63.7-142.515 142.514-142.515zm-88.332 41.453l-12.73 12.73 82.92 82.917a18.94 18.94 0 0 0-.797 5.414A18.94 18.94 0 0 0 256 308.317a18.94 18.94 0 0 0 16.66-9.94h59.096v-18h-59.11A18.94 18.94 0 0 0 256 270.44a18.94 18.94 0 0 0-5.408.804l-82.924-82.924z"
              />
            </svg>
            <h5
              className="MuiTypography-root MuiTypography-h5  emotion-9"
              lines={3}
            >
              Closed
            </h5>
          </span>
        </div>
      </div>
      <div
        className="emotion-13"
      >
        <h2
          className="MuiTypography-root MuiTypography-h2  emotion-14"
          lines={3}
        >
          Will Biden be the President of the United States on May 1, 2021?
        </h2>
      </div>
    </div>
    <div
      className="MuiGrid-root MuiGrid-container MuiGrid-item MuiGrid-spacing-xs-undefined MuiGrid-grid-sm-12 emotion-15"
    >
      <div
        className="MuiGrid-root MuiGrid-container MuiGrid-item MuiGrid-spacing-xs-undefined MuiGrid-direction-xs-column MuiGrid-grid-xs-4 MuiGrid-grid-sm-3 emotion-16"
      >
        <div
          className="MuiGrid-root MuiGrid-item emotion-5"
        >
          <h4
            className="MuiTypography-root MuiTypography-h4  emotion-18"
            lines={3}
          >
            Consensus Probability
          </h4>
        </div>
        <div
          className="MuiGrid-root MuiGrid-item emotion-5"
        >
          <h3
            className="MuiTypography-root MuiTypography-h3  emotion-20"
            lines={3}
          >
            0.50
          </h3>
        </div>
      </div>
      <div
        className="MuiGrid-root MuiGrid-container MuiGrid-item MuiGrid-spacing-xs-undefined MuiGrid-direction-xs-column MuiGrid-grid-xs-4 MuiGrid-grid-sm-3 emotion-16"
      >
        <div
          className="MuiGrid-root MuiGrid-item emotion-5"
        >
          <h4
            className="MuiTypography-root MuiTypography-h4  emotion-18"
            lines={3}
          >
            Participants
          </h4>
        </div>
        <div
          className="MuiGrid-root MuiGrid-item emotion-5"
        >
          <h3
            className="MuiTypography-root MuiTypography-h3  emotion-20"
            lines={3}
          >
            1
          </h3>
        </div>
      </div>
    </div>
  </div>
</div>
`;
